{
  "version": "1.5.0",
  "plugins_used": [
    {
      "name": "ArtifactoryDetector"
    },
    {
      "name": "AWSKeyDetector"
    },
    {
      "name": "AzureStorageKeyDetector"
    },
    {
      "name": "Base64HighEntropyString",
      "limit": 4.5
    },
    {
      "name": "BasicAuthDetector"
    },
    {
      "name": "GitHubTokenDetector"
    },
    {
      "name": "HexHighEntropyString",
      "limit": 3.0
    },
    {
      "name": "JwtTokenDetector"
    },
    {
      "name": "PrivateKeyDetector"
    },
    {
      "name": "SlackDetector"
    },
    {
      "name": "StripeDetector"
    }
  ],
  "filters_used": [
    {
      "path": "detect_secrets.filters.allowlist.none_value"
    },
    {
      "path": "detect_secrets.filters.common.is_ignored_due_to_verification_policies"
    },
    {
      "path": "detect_secrets.filters.heuristics.is_indirect_reference"
    },
    {
      "path": "detect_secrets.filters.heuristics.is_likely_id_string"
    },
    {
      "path": "detect_secrets.filters.heuristics.is_lock_file"
    },
    {
      "path": "detect_secrets.filters.heuristics.is_swagger_file"
    }
  ],
  "results": {},
  "generated_at": "2026-08-03T12:28:00Z"
}
